[0.006s] Invoking command in '/home/lance/detect_ws/detect_removal/build/detect_removal': CMAKE_PREFIX_PATH=/opt/ros/humble /usr/bin/cmake --build /home/lance/detect_ws/detect_removal/build/detect_removal -- -j16 -l16
[0.024s] -- Found ament_cmake: 1.3.8 (/opt/ros/humble/share/ament_cmake/cmake)
[0.104s] -- Found rclcpp: 16.0.8 (/opt/ros/humble/share/rclcpp/cmake)
[0.121s] -- Found rosidl_generator_c: 3.1.5 (/opt/ros/humble/share/rosidl_generator_c/cmake)
[0.122s] -- Found rosidl_adapter: 3.1.5 (/opt/ros/humble/share/rosidl_adapter/cmake)
[0.126s] -- Found rosidl_generator_cpp: 3.1.5 (/opt/ros/humble/share/rosidl_generator_cpp/cmake)
[0.132s] -- Using all available rosidl_typesupport_c: rosidl_typesupport_fastrtps_c;rosidl_typesupport_introspection_c
[0.141s] -- Using all available rosidl_typesupport_cpp: rosidl_typesupport_fastrtps_cpp;rosidl_typesupport_introspection_cpp
[0.175s] -- Found rmw_implementation_cmake: 6.1.1 (/opt/ros/humble/share/rmw_implementation_cmake/cmake)
[0.176s] -- Found rmw_fastrtps_cpp: 6.2.6 (/opt/ros/humble/share/rmw_fastrtps_cpp/cmake)
[0.245s] -- Using RMW implementation 'rmw_fastrtps_cpp' as default
[0.336s] -- Found sensor_msgs: 4.2.4 (/opt/ros/humble/share/sensor_msgs/cmake)
[0.408s] -- Found visualization_msgs: 4.2.3 (/opt/ros/humble/share/visualization_msgs/cmake)
[0.478s] -- Found pcl_conversions: 2.4.5 (/opt/ros/humble/share/pcl_conversions/cmake)
[0.560s] -- Eigen found (include: /usr/include/eigen3, version: 3.4.0)
[0.578s] -- FLANN found (include: /usr/include, lib: /usr/lib/x86_64-linux-gnu/libflann_cpp.so)
[0.753s] -- OpenNI found (version: 1.5.4.0, include: /usr/include/ni, lib: /usr/lib/libOpenNI.so;libusb::libusb)
[0.757s] -- OpenNI2 found (version: 2.2.0.33, include: /usr/include/openni2, lib: /usr/lib/x86_64-linux-gnu/libOpenNI2.so;libusb::libusb)
[0.847s] -- Eigen found (include: /usr/include/eigen3, version: 3.4.0)
[0.850s] -- OpenNI found (version: 1.5.4.0, include: /usr/include/ni, lib: /usr/lib/libOpenNI.so;libusb::libusb)
[0.854s] -- OpenNI2 found (version: 2.2.0.33, include: /usr/include/openni2, lib: /usr/lib/x86_64-linux-gnu/libOpenNI2.so;libusb::libusb)
[0.939s] -- Found Qhull version 8.0.2
[1.030s] -- OpenNI found (version: 1.5.4.0, include: /usr/include/ni, lib: /usr/lib/libOpenNI.so;libusb::libusb)
[1.125s] -- Found pcl_ros: 2.4.5 (/opt/ros/humble/share/pcl_ros/cmake)
[1.224s] -- Found eigen3_cmake_module: 0.1.1 (/opt/ros/humble/share/eigen3_cmake_module/cmake)
[1.224s] -- Ensuring Eigen3 include directory is part of orocos-kdl CMake target
[1.450s] [31mCMake Error at CMakeLists.txt:10 (find_package):
[1.450s]   By not providing "Findpcl.cmake" in CMAKE_MODULE_PATH this project has
[1.450s]   asked CMake to find a package configuration file provided by "pcl", but
[1.450s]   CMake did not find one.
[1.450s] 
[1.450s]   Could not find a package configuration file provided by "pcl" with any of
[1.450s]   the following names:
[1.450s] 
[1.450s]     pclConfig.cmake
[1.450s]     pcl-config.cmake
[1.450s] 
[1.450s]   Add the installation prefix of "pcl" to CMAKE_PREFIX_PATH or set "pcl_DIR"
[1.450s]   to a directory containing one of the above files.  If "pcl" provides a
[1.450s]   separate development package or SDK, be sure it has been installed.
[1.450s] 
[1.450s] [0m
[1.450s] -- Configuring incomplete, errors occurred!
[1.450s] See also "/home/lance/detect_ws/detect_removal/build/detect_removal/CMakeFiles/CMakeOutput.log".
[1.458s] gmake: *** [Makefile:267: cmake_check_build_system] Error 1
[1.460s] Invoked command in '/home/lance/detect_ws/detect_removal/build/detect_removal' returned '2': CMAKE_PREFIX_PATH=/opt/ros/humble /usr/bin/cmake --build /home/lance/detect_ws/detect_removal/build/detect_removal -- -j16 -l16
