[0.006s] Invoking command in '/home/lance/detect_ws/detect_removal/build/detect_removal': CMAKE_PREFIX_PATH=/opt/ros/humble /usr/bin/cmake --build /home/lance/detect_ws/detect_removal/build/detect_removal -- -j16 -l16
[0.035s] [35m[1mConsolidate compiler generated dependencies of target detect_removal[0m
[0.051s] [ 50%] [32mBuilding CXX object CMakeFiles/detect_removal.dir/src/detect_removal.cpp.o[0m
[2.691s] [01m[K/home/lance/detect_ws/detect_removal/src/detect_removal.cpp:[m[K In member function ‘[01m[Kvoid ObjectDetector::cloud_callback(sensor_msgs::msg::PointCloud2_<std::allocator<void> >::SharedPtr)[m[K’:
[2.691s] [01m[K/home/lance/detect_ws/detect_removal/src/detect_removal.cpp:68:14:[m[K [01;31m[Kerror: [m[K‘[01m[KfromROSMsg[m[K’ is not a member of ‘[01m[Kpcl[m[K’
[2.691s]    68 |         pcl::[01;31m[KfromROSMsg[m[K(*msg, *current_cloud);
[2.691s]       |              [01;31m[K^~~~~~~~~~[m[K
[2.744s] [01m[K/home/lance/detect_ws/detect_removal/src/detect_removal.cpp:[m[K In member function ‘[01m[Kvisualization_msgs::msg::MarkerArray ObjectDetector::process_clouds(const Ptr&, const Ptr&)[m[K’:
[2.744s] [01m[K/home/lance/detect_ws/detect_removal/src/detect_removal.cpp:133:18:[m[K [01;31m[Kerror: [m[K‘[01m[Kcompute3DCentroid[m[K’ is not a member of ‘[01m[Kpcl[m[K’
[2.744s]   133 |             pcl::[01;31m[Kcompute3DCentroid[m[K(*filtered_cloud, indices, centroid);
[2.744s]       |                  [01;31m[K^~~~~~~~~~~~~~~~~[m[K
[2.744s] [01m[K/home/lance/detect_ws/detect_removal/src/detect_removal.cpp:137:38:[m[K [01;31m[Kerror: [m[K‘[01m[Kmsg[m[K’ was not declared in this scope
[2.744s]   137 |             sphere.header.frame_id = [01;31m[Kmsg[m[K->header.frame_id;
[2.745s]       |                                      [01;31m[K^~~[m[K
[2.745s] [01m[K/home/lance/detect_ws/detect_removal/src/detect_removal.cpp:137:38:[m[K [01;36m[Knote: [m[Ksuggested alternatives:
[2.745s] In file included from [01m[K/opt/ros/humble/include/builtin_interfaces/builtin_interfaces/msg/duration.hpp:7[m[K,
[2.745s]                  from [01m[K/opt/ros/humble/include/rclcpp/rclcpp/duration.hpp:20[m[K,
[2.745s]                  from [01m[K/opt/ros/humble/include/rclcpp/rclcpp/qos.hpp:20[m[K,
[2.745s]                  from [01m[K/opt/ros/humble/include/rclcpp/rclcpp/node_interfaces/node_graph_interface.hpp:32[m[K,
[2.745s]                  from [01m[K/opt/ros/humble/include/rclcpp/rclcpp/client.hpp:42[m[K,
[2.745s]                  from [01m[K/opt/ros/humble/include/rclcpp/rclcpp/callback_group.hpp:24[m[K,
[2.745s]                  from [01m[K/opt/ros/humble/include/rclcpp/rclcpp/any_executable.hpp:20[m[K,
[2.745s]                  from [01m[K/opt/ros/humble/include/rclcpp/rclcpp/memory_strategy.hpp:25[m[K,
[2.745s]                  from [01m[K/opt/ros/humble/include/rclcpp/rclcpp/memory_strategies.hpp:18[m[K,
[2.745s]                  from [01m[K/opt/ros/humble/include/rclcpp/rclcpp/executor_options.hpp:20[m[K,
[2.745s]                  from [01m[K/opt/ros/humble/include/rclcpp/rclcpp/executor.hpp:37[m[K,
[2.745s]                  from [01m[K/opt/ros/humble/include/rclcpp/rclcpp/executors/multi_threaded_executor.hpp:25[m[K,
[2.745s]                  from [01m[K/opt/ros/humble/include/rclcpp/rclcpp/executors.hpp:21[m[K,
[2.745s]                  from [01m[K/opt/ros/humble/include/rclcpp/rclcpp/rclcpp.hpp:155[m[K,
[2.745s]                  from [01m[K/home/lance/detect_ws/detect_removal/src/detect_removal.cpp:1[m[K:
[2.745s] [01m[K/opt/ros/humble/include/builtin_interfaces/builtin_interfaces/msg/detail/duration__struct.hpp:27:11:[m[K [01;36m[Knote: [m[K  ‘[01m[Kbuiltin_interfaces::msg[m[K’
[2.745s]    27 | namespace [01;36m[Kmsg[m[K
[2.745s]       |           [01;36m[K^~~[m[K
[2.745s] In file included from [01m[K/opt/ros/humble/include/rcl_interfaces/rcl_interfaces/msg/set_parameters_result.hpp:7[m[K,
[2.745s]                  from [01m[K/opt/ros/humble/include/rclcpp/rclcpp/qos_overriding_options.hpp:28[m[K,
[2.745s]                  from [01m[K/opt/ros/humble/include/rclcpp/rclcpp/subscription_options.hpp:30[m[K,
[2.745s]                  from [01m[K/opt/ros/humble/include/rclcpp/rclcpp/subscription.hpp:45[m[K,
[2.745s]                  from [01m[K/opt/ros/humble/include/rclcpp/rclcpp/any_executable.hpp:25[m[K,
[2.745s]                  from [01m[K/opt/ros/humble/include/rclcpp/rclcpp/memory_strategy.hpp:25[m[K,
[2.745s]                  from [01m[K/opt/ros/humble/include/rclcpp/rclcpp/memory_strategies.hpp:18[m[K,
[2.745s]                  from [01m[K/opt/ros/humble/include/rclcpp/rclcpp/executor_options.hpp:20[m[K,
[2.746s]                  from [01m[K/opt/ros/humble/include/rclcpp/rclcpp/executor.hpp:37[m[K,
[2.746s]                  from [01m[K/opt/ros/humble/include/rclcpp/rclcpp/executors/multi_threaded_executor.hpp:25[m[K,
[2.746s]                  from [01m[K/opt/ros/humble/include/rclcpp/rclcpp/executors.hpp:21[m[K,
[2.746s]                  from [01m[K/opt/ros/humble/include/rclcpp/rclcpp/rclcpp.hpp:155[m[K,
[2.746s]                  from [01m[K/home/lance/detect_ws/detect_removal/src/detect_removal.cpp:1[m[K:
[2.746s] [01m[K/opt/ros/humble/include/rcl_interfaces/rcl_interfaces/msg/detail/set_parameters_result__struct.hpp:27:11:[m[K [01;36m[Knote: [m[K  ‘[01m[Krcl_interfaces::msg[m[K’
[2.746s]    27 | namespace [01;36m[Kmsg[m[K
[2.746s]       |           [01;36m[K^~~[m[K
[2.746s] In file included from [01m[K/opt/ros/humble/include/statistics_msgs/statistics_msgs/msg/detail/metrics_message__struct.hpp:23[m[K,
[2.746s]                  from [01m[K/opt/ros/humble/include/statistics_msgs/statistics_msgs/msg/metrics_message.hpp:7[m[K,
[2.746s]                  from [01m[K/opt/ros/humble/include/libstatistics_collector/libstatistics_collector/collector/generate_statistics_message.hpp:21[m[K,
[2.746s]                  from [01m[K/opt/ros/humble/include/rclcpp/rclcpp/topic_statistics/subscription_topic_statistics.hpp:23[m[K,
[2.746s]                  from [01m[K/opt/ros/humble/include/rclcpp/rclcpp/subscription.hpp:50[m[K,
[2.746s]                  from [01m[K/opt/ros/humble/include/rclcpp/rclcpp/any_executable.hpp:25[m[K,
[2.746s]                  from [01m[K/opt/ros/humble/include/rclcpp/rclcpp/memory_strategy.hpp:25[m[K,
[2.746s]                  from [01m[K/opt/ros/humble/include/rclcpp/rclcpp/memory_strategies.hpp:18[m[K,
[2.746s]                  from [01m[K/opt/ros/humble/include/rclcpp/rclcpp/executor_options.hpp:20[m[K,
[2.746s]                  from [01m[K/opt/ros/humble/include/rclcpp/rclcpp/executor.hpp:37[m[K,
[2.746s]                  from [01m[K/opt/ros/humble/include/rclcpp/rclcpp/executors/multi_threaded_executor.hpp:25[m[K,
[2.746s]                  from [01m[K/opt/ros/humble/include/rclcpp/rclcpp/executors.hpp:21[m[K,
[2.746s]                  from [01m[K/opt/ros/humble/include/rclcpp/rclcpp/rclcpp.hpp:155[m[K,
[2.746s]                  from [01m[K/home/lance/detect_ws/detect_removal/src/detect_removal.cpp:1[m[K:
[2.746s] [01m[K/opt/ros/humble/include/statistics_msgs/statistics_msgs/msg/detail/statistic_data_point__struct.hpp:27:11:[m[K [01;36m[Knote: [m[K  ‘[01m[Kstatistics_msgs::msg[m[K’
[2.746s]    27 | namespace [01;36m[Kmsg[m[K
[2.746s]       |           [01;36m[K^~~[m[K
[2.746s] In file included from [01m[K/opt/ros/humble/include/sensor_msgs/sensor_msgs/msg/detail/point_cloud2__struct.hpp:20[m[K,
[2.746s]                  from [01m[K/opt/ros/humble/include/sensor_msgs/sensor_msgs/msg/point_cloud2.hpp:7[m[K,
[2.746s]                  from [01m[K/home/lance/detect_ws/detect_removal/src/detect_removal.cpp:2[m[K:
[2.746s] [01m[K/opt/ros/humble/include/std_msgs/std_msgs/msg/detail/header__struct.hpp:31:11:[m[K [01;36m[Knote: [m[K  ‘[01m[Kstd_msgs::msg[m[K’
[2.746s]    31 | namespace [01;36m[Kmsg[m[K
[2.746s]       |           [01;36m[K^~~[m[K
[2.746s] In file included from [01m[K/opt/ros/humble/include/sensor_msgs/sensor_msgs/msg/detail/point_cloud2__struct.hpp:22[m[K,
[2.746s]                  from [01m[K/opt/ros/humble/include/sensor_msgs/sensor_msgs/msg/point_cloud2.hpp:7[m[K,
[2.746s]                  from [01m[K/home/lance/detect_ws/detect_removal/src/detect_removal.cpp:2[m[K:
[2.746s] [01m[K/opt/ros/humble/include/sensor_msgs/sensor_msgs/msg/detail/point_field__struct.hpp:27:11:[m[K [01;36m[Knote: [m[K  ‘[01m[Ksensor_msgs::msg[m[K’
[2.746s]    27 | namespace [01;36m[Kmsg[m[K
[2.747s]       |           [01;36m[K^~~[m[K
[2.747s] In file included from [01m[K/opt/ros/humble/include/geometry_msgs/geometry_msgs/msg/detail/pose__struct.hpp:20[m[K,
[2.747s]                  from [01m[K/opt/ros/humble/include/visualization_msgs/visualization_msgs/msg/detail/marker__struct.hpp:22[m[K,
[2.747s]                  from [01m[K/opt/ros/humble/include/visualization_msgs/visualization_msgs/msg/detail/marker_array__struct.hpp:20[m[K,
[2.747s]                  from [01m[K/opt/ros/humble/include/visualization_msgs/visualization_msgs/msg/marker_array.hpp:7[m[K,
[2.747s]                  from [01m[K/home/lance/detect_ws/detect_removal/src/detect_removal.cpp:3[m[K:
[2.747s] [01m[K/opt/ros/humble/include/geometry_msgs/geometry_msgs/msg/detail/point__struct.hpp:27:11:[m[K [01;36m[Knote: [m[K  ‘[01m[Kgeometry_msgs::msg[m[K’
[2.747s]    27 | namespace [01;36m[Kmsg[m[K
[2.747s]       |           [01;36m[K^~~[m[K
[2.747s] In file included from [01m[K/opt/ros/humble/include/visualization_msgs/visualization_msgs/msg/detail/marker__struct.hpp:35[m[K,
[2.747s]                  from [01m[K/opt/ros/humble/include/visualization_msgs/visualization_msgs/msg/detail/marker_array__struct.hpp:20[m[K,
[2.747s]                  from [01m[K/opt/ros/humble/include/visualization_msgs/visualization_msgs/msg/marker_array.hpp:7[m[K,
[2.747s]                  from [01m[K/home/lance/detect_ws/detect_removal/src/detect_removal.cpp:3[m[K:
[2.747s] [01m[K/opt/ros/humble/include/visualization_msgs/visualization_msgs/msg/detail/uv_coordinate__struct.hpp:27:11:[m[K [01;36m[Knote: [m[K  ‘[01m[Kvisualization_msgs::msg[m[K’
[2.747s]    27 | namespace [01;36m[Kmsg[m[K
[2.747s]       |           [01;36m[K^~~[m[K
[4.556s] gmake[2]: *** [CMakeFiles/detect_removal.dir/build.make:76: CMakeFiles/detect_removal.dir/src/detect_removal.cpp.o] Error 1
[4.556s] gmake[1]: *** [CMakeFiles/Makefile2:137: CMakeFiles/detect_removal.dir/all] Error 2
[4.557s] gmake: *** [Makefile:146: all] Error 2
[4.558s] Invoked command in '/home/lance/detect_ws/detect_removal/build/detect_removal' returned '2': CMAKE_PREFIX_PATH=/opt/ros/humble /usr/bin/cmake --build /home/lance/detect_ws/detect_removal/build/detect_removal -- -j16 -l16
